---------------------------- PROCESS STARTED (9889) for package com.example.curtiss ----------------------------
2026-07-19 14:13:03.266  9889-9889  example.curtiss         com.example.curtiss                  I  Using CollectorTypeCMC GC.
2026-07-19 14:13:03.284  9889-9889  nativeloader            com.example.curtiss                  D  Load libframework-connectivity-tiramisu-jni.so using APEX ns com_android_tethering for caller /apex/com.android.tethering/javalib/framework-connectivity-t.jar: ok
2026-07-19 14:13:03.296  9889-9889  ActivityThread          com.example.curtiss                  I  Current dynamic renderEngine type=0
2026-07-19 14:13:03.338  9889-9903  MiuiDownscaleImpl       com.example.curtiss                  D  set override inverted scale : 1.0
2026-07-19 14:13:03.342  9889-9889  RENDER_TURBO            com.example.curtiss                  I  onActivityThreadCreate not in white list, pkg=com.example.curtiss, type=koto
2026-07-19 14:13:03.342  9889-9889  CompatChangeReporter    com.example.curtiss                  D  Compat change id reported: 242716250; UID 10300; state: ENABLED
2026-07-19 14:13:03.352  9889-9903  AppScoutStateMachine    com.example.curtiss                  D  9889-ScoutStateMachinecreated
2026-07-19 14:13:03.388  9889-9889  ActivityThread          com.example.curtiss                  D  setEmbeddedParam packageName=com.example.curtiss processName=com.example.curtiss isEmbedded=false isIsolated=false
2026-07-19 14:13:03.736  9889-9889  nativeloader            com.example.curtiss                  D  Configuring clns-10 for other apk /data/app/~~41CdvJOaMXAJy4b4OeDbRA==/com.example.curtiss-GLxjvV-I_vT-O4RZkyH7hA==/base.apk. target_sdk_version=34, uses_libraries=, library_path=/data/app/~~41CdvJOaMXAJy4b4OeDbRA==/com.example.curtiss-GLxjvV-I_vT-O4RZkyH7hA==/lib/arm64, permitted_path=/data:/mnt/expand:/data/user/0/com.example.curtiss
2026-07-19 14:13:03.749  9889-9889  example.curtiss         com.example.curtiss                  I  AssetManager2(0xb4000079d66170b8) locale list changing from [] to [en-GB]
2026-07-19 14:13:03.752  9889-9889  MiuiPreloadClassImpl    com.example.curtiss                  E  invoke error.
2026-07-19 14:13:03.753  9889-9889  MiuiMonitorThread       com.example.curtiss                  D  Shared singleton Thread for stability monitor start
2026-07-19 14:13:03.757  9889-9889  HWUI                    com.example.curtiss                  D  [HWUI] Flag vulkan_enhance_pipeline_cache enabled
2026-07-19 14:13:03.758  9889-9889  HWUI                    com.example.curtiss                  D  [HWUI] EnhanceVkPipelineCache is disabled
2026-07-19 14:13:03.758  9889-9889  HWUI                    com.example.curtiss                  D  [HWUI] Flag ddre enabled
2026-07-19 14:13:03.759  9889-9889  GraphicsEnvironment     com.example.curtiss                  V  Currently set values for:
2026-07-19 14:13:03.759  9889-9889  GraphicsEnvironment     com.example.curtiss                  V    angle_gl_driver_selection_pkgs=[]
2026-07-19 14:13:03.759  9889-9889  GraphicsEnvironment     com.example.curtiss                  V    angle_gl_driver_selection_values=[]
2026-07-19 14:13:03.759  9889-9889  GraphicsEnvironment     com.example.curtiss                  V  com.example.curtiss is not listed in per-application setting
2026-07-19 14:13:03.759  9889-9889  GraphicsEnvironment     com.example.curtiss                  V  ANGLE allowlist from config: com.dreamgames.royalmatch com.dts.freefiremax com.dxx.firenow com.gramgames.mergedragons com.ludo.king com.mojang.minecraftpe com.my.defense com.nintendo.zaka com.os.airforce com.playrix.fishdomdd.gplay io.teslatech.callbreak jp.konami.prospia net.peakgames.toonblast
2026-07-19 14:13:03.759  9889-9889  GraphicsEnvironment     com.example.curtiss                  V  com.example.curtiss is not listed in ANGLE allowlist or settings, returning default
2026-07-19 14:13:03.759  9889-9889  GraphicsEnvironment     com.example.curtiss                  V  Neither updatable production driver nor prerelease driver is supported.
2026-07-19 14:13:03.766  9889-9904  ActivityThread          com.example.curtiss                  I  TrafficStats init done
2026-07-19 14:13:03.774  9889-9889  ResMonitorStub          com.example.curtiss                  D  The current process type is: third_party_app, process name is: com.example.curtiss
2026-07-19 14:13:03.778  9889-9904  ashmem                  com.example.curtiss                  E  Pinning is deprecated since Android Q. Please use trim or other methods.
2026-07-19 14:13:03.779  9889-9904  ForceDarkHelperStubImpl com.example.curtiss                  I  initialize for com.example.curtiss , ForceDarkOrigin
2026-07-19 14:13:03.780  9889-9904  nativeloader            com.example.curtiss                  D  Load libforcedarkimpl.so using system ns (caller=/system_ext/framework/miui-framework.jar): ok
2026-07-19 14:13:03.780  9889-9904  HWUI                    com.example.curtiss                  D  JNI_OnLoad success
2026-07-19 14:13:03.780  9889-9904  MiuiForceDarkConfig     com.example.curtiss                  I  setConfig density:2.250000, mainRule:0, secondaryRule:0, tertiaryRule:0
2026-07-19 14:13:03.786  9889-9889  WM-WrkMgrInitializer    com.example.curtiss                  D  Initializing WorkManager with default configuration.
2026-07-19 14:13:03.811  9889-9904  ActivityThread          com.example.curtiss                  I  Miui Feature Init done
2026-07-19 14:13:03.830  9889-9889  WM-PackageManagerHelper com.example.curtiss                  D  Skipping component enablement for androidx.work.impl.background.systemjob.SystemJobService
2026-07-19 14:13:03.830  9889-9889  WM-Schedulers           com.example.curtiss                  D  Created SystemJobScheduler and enabled SystemJobService
2026-07-19 14:13:03.873  9889-9889  libc                    com.example.curtiss                  W  Access denied finding property "ro.vendor.perf.scroll_opt"
2026-07-19 14:13:03.884  9889-9889  nativeloader            com.example.curtiss                  D  Load libpowerhalwrap_jni.so using system ns (caller=/system_ext/framework/mediatek-framework.jar): ok
2026-07-19 14:13:03.884  9889-9889  PowerHalWrapper         com.example.curtiss                  I  PowerHalWrapper.getInstance 
2026-07-19 14:13:03.885  9889-9889  PowerHalWrapper         com.example.curtiss                  I  PowerHalWrapper.getInstance 
2026-07-19 14:13:03.886  9889-9889  M-ProMotion             com.example.curtiss                  I  M-ProMotion is disabled
2026-07-19 14:13:03.892  9889-9889  HWUI                    com.example.curtiss                  D  [HWUI] Flag vulkan_enhance_pipeline_cache enabled
2026-07-19 14:13:03.892  9889-9889  HWUI                    com.example.curtiss                  D  [HWUI] EnhanceVkPipelineCache is disabled
2026-07-19 14:13:03.892  9889-9889  HWUI                    com.example.curtiss                  D  [HWUI] Flag ddre enabled
2026-07-19 14:13:03.892  9889-9889  example.curtiss         com.example.curtiss                  D  blurUtils, initBackgroundBlurMinInterval processName(com.example.curtiss), inWhiteLists(0)
2026-07-19 14:13:03.892  9889-9904  ActivityThread          com.example.curtiss                  I  HardwareRenderer preload  done
2026-07-19 14:13:03.893  9889-9889  MIUIAutoUIImpl          com.example.curtiss                  D  MIUIAutoUIImpl has been initialized !!
2026-07-19 14:13:03.894  9889-9919  DisplayManager          com.example.curtiss                  I  Choreographer implicitly registered for the refresh rate.
2026-07-19 14:13:03.896  9889-9889  example.curtiss         com.example.curtiss                  I  AssetManager2(0xb4000079d66157b8) locale list changing from [] to [en-GB]
2026-07-19 14:13:03.911  9889-9919  libc                    com.example.curtiss                  W  Access denied finding property "vendor.mivk.log.debug"
2026-07-19 14:13:03.913  9889-9919  mali                    com.example.curtiss                  I  Successfully parsed 2 environment variable(s) from /vendor/etc/mali_platform.config.
2026-07-19 14:13:03.918  9889-9919  mali                    com.example.curtiss                  I  Successfully parsed 2 environment variable(s) from /vendor/etc/mali_platform.config.
2026-07-19 14:13:03.924  9889-9889  AppCompatDelegate       com.example.curtiss                  D  Checking for metadata for AppLocalesMetadataHolderService : Service not found
2026-07-19 14:13:03.924  9889-9919  libEGL                  com.example.curtiss                  I  shader cache num entries: 39
2026-07-19 14:13:03.924  9889-9919  HWUI                    com.example.curtiss                  D  [HWUI] Flag vulkan_enhance_pipeline_cache enabled
2026-07-19 14:13:03.924  9889-9919  HWUI                    com.example.curtiss                  D  [HWUI] EnhanceVkPipelineCache is disabled
2026-07-19 14:13:03.924  9889-9919  HWUI                    com.example.curtiss                  D  [HWUI] Flag ddre enabled
2026-07-19 14:13:03.925  9889-9889  example.curtiss         com.example.curtiss                  I  AssetManager2(0xb4000079d661bbb8) locale list changing from [] to [en-GB]
2026-07-19 14:13:03.925  9889-9919  SKIA                    com.example.curtiss                  D  [Skia] Flag vulkan_enhance_pipeline_cache enabled
2026-07-19 14:13:03.925  9889-9919  SKIA                    com.example.curtiss                  D  [Skia] EnhanceVkPipelineCache is false
2026-07-19 14:13:03.962  9889-9889  DesktopModeFlags        com.example.curtiss                  D  Toggle override initialized to: OVERRIDE_UNSET
2026-07-19 14:13:03.965  9889-9914  JobInfo                 com.example.curtiss                  W  Requested important-while-foreground flag for job6 is ignored and takes no effect
2026-07-19 14:13:03.966  9889-9914  CompatChangeReporter    com.example.curtiss                  D  Compat change id reported: 253665015; UID 10300; state: ENABLED
2026-07-19 14:13:03.978  9889-9889  DecorView               com.example.curtiss                  D  updateFreeformOutlineFromActivity, inFreeform=false,inFreeformWindowMode=false
2026-07-19 14:13:03.988  9889-9889  example.curtiss         com.example.curtiss                  I  hiddenapi: Accessing hidden method Landroid/view/View;->computeFitSystemWindows(Landroid/graphics/Rect;Landroid/graphics/Rect;)Z (runtime_flags=0, domain=platform, api=unsupported) from Landroidx/appcompat/widget/ViewUtils; (domain=app) using reflection: allowed
2026-07-19 14:13:03.988  9889-9889  example.curtiss         com.example.curtiss                  I  hiddenapi: Accessing hidden method Landroid/view/ViewGroup;->makeOptionalFitsSystemWindows()V (runtime_flags=0, domain=platform, api=unsupported) from Landroidx/appcompat/widget/ViewUtils; (domain=app) using reflection: allowed
2026-07-19 14:13:03.998  9889-9889  IconCustomizer          com.example.curtiss                  I  load icon config path M 0 42.7 C 0 27.7 0 20.3 2.9 14.6 C 5.5 9.5 9.5 5.5 14.6 2.9 C 20.3 0 27.7 0 42.7 0 L 57.3 0 C 72.3 0 79.7 0 85.4 2.9 C 90.5 5.5 94.5 9.5 97.1 14.6 C 100 20.3 100 27.7 100 42.7 V 57.3 C 100 72.3 100 79.7 97.1 85.4 C 94.5 90.5 90.5 94.5 85.4 97.1 C 79.7 100 72.3 100 57.3 100 H 42.7 C 27.7 100 20.3 100 14.6 97.1 C 9.5 94.5 5.5 90.5 2.9 85.4 C 0 79.7 0 72.3 0 57.3 L 0 42.7 Z, valid rect RectF(0.0, 0.0, 100.0, 100.0), isFullMask true
2026-07-19 14:13:03.998  9889-9889  IconCustomizer          com.example.curtiss                  W  getCustomizedIconW 151
2026-07-19 14:13:04.004  9889-9889  HWUI                    com.example.curtiss                  D  ImageDecoder_nDecodeBitmap: width = 243, height = 243, encodedFormat = 4
2026-07-19 14:13:04.006  9889-9889  HWUI                    com.example.curtiss                  W  Image decoding logging dropped!
2026-07-19 14:13:04.084  9889-9889  NativeTurboSchedManager com.example.curtiss                  I  Load libmiui_runtime
2026-07-19 14:13:04.090  9889-9889  TurboSchedMonitor       com.example.curtiss                  E  failed to find setSchedAffinity method com.example.curtiss
2026-07-19 14:13:04.157  9889-9942  CompatChangeReporter    com.example.curtiss                  D  Compat change id reported: 263076149; UID 10300; state: ENABLED
2026-07-19 14:13:04.173  9889-9889  EngineFactory           com.example.curtiss                  I  Provider GmsCore_OpenSSL not available
2026-07-19 14:13:04.181  9889-9889  CurtissUpdate           com.example.curtiss                  I  Checking for updates via API: https://curtiss.suzxlabs.com/rep/release/api_latest_version
2026-07-19 14:13:04.191  9889-9889  Activity                com.example.curtiss                  D  Activity = ActivityInfo{de53947 com.example.curtiss.SplashActivity}, Resume onConfigurationChanged = {1.0 ?mcc0mnc [en_GB] ldltr sw711dp w711dp h1091dp 360dpi lrg port finger -keyb/v/h -nav/h winConfig={ mBounds=Rect(0, 0 - 1600, 2560) mAppBounds=Rect(0, 0 - 1600, 2524) mMaxBounds=Rect(0, 0 - 1600, 2560) mDisplayRotation=ROTATION_0 mWindowingMode=fullscreen mActivityType=standard mAlwaysOnTop=undefined mRotation=ROTATION_0 mInSplitScreen=false letterBoxed=false foScaled=false isSpecificEmbedded=false embeddingScale=1.0} as.2 s.3 fontWeightAdjustment=0/d/0 themeChanged=0 themeChangedFlags=0 display=0 extraData = Bundle[{}] screenType=0/0}
2026-07-19 14:13:04.203  9889-9917  PowerHalWrapper         com.example.curtiss                  I  PowerHalWrapper.getInstance 
2026-07-19 14:13:04.205  9889-9889  SurfaceFactory          com.example.curtiss                  I  [static] sSurfaceFactory = com.mediatek.view.impl.SurfaceFactoryImpl@8523055
2026-07-19 14:13:04.210  9889-9889  RenderLite              com.example.curtiss                  D  trim renderNode enable: false
2026-07-19 14:13:04.215  9889-9889  FramePredict            com.example.curtiss                  D  FramePredict init: false
2026-07-19 14:13:04.215  9889-9889  FramePredict            com.example.curtiss                  D  init success
2026-07-19 14:13:04.218  9889-9946  FramePredict            com.example.curtiss                  E  registerContentObserver fail
2026-07-19 14:13:04.219  9889-9889  example.curtiss         com.example.curtiss                  D  MiuiProcessManagerServiceStub setSchedFifo
2026-07-19 14:13:04.219  9889-9889  MiuiProcessManagerImpl  com.example.curtiss                  I  setSchedFifo pid:9889, mode:3
2026-07-19 14:13:04.220  9889-9889  HWUI                    com.example.curtiss                  W  Unknown dataspace 0
2026-07-19 14:13:04.215  9889-9889  RenderThread            com.example.curtiss                  W  type=1400 audit(0.0:89607): avc:  denied  { read } for  name="u:object_r:vendor_displayfeature_prop:s0" dev="tmpfs" ino=594 scontext=u:r:untrusted_app:s0:c44,c257,c512,c768 tcontext=u:object_r:vendor_displayfeature_prop:s0 tclass=file permissive=0 app=com.example.curtiss
2026-07-19 14:13:04.221  9889-9919  libc                    com.example.curtiss                  W  Access denied finding property "ro.vendor.display.iris_x7.support"
2026-07-19 14:13:04.221  9889-9919  pwIrisCR                com.example.curtiss                  I  isCnVersion = 0, isSupportIris = 0
2026-07-19 14:13:04.224  9889-9919  HWUI                    com.example.curtiss                  D  TAG_DDRE, CanvasContext::setDdreActivities: 
2026-07-19 14:13:04.232  9889-9889  InsetsSource            com.example.curtiss                  W  Has no intersection or mTmpFrame.height(), return Insets.NONE mTmpFrame.height() =0 hasIntersection =false
2026-07-19 14:13:04.232  9889-9889  InsetsSource            com.example.curtiss                  W  Has no intersection or mTmpFrame.height(), return Insets.NONE mTmpFrame.height() =0 hasIntersection =false
2026-07-19 14:13:04.234  9889-9889  InputEventReceiver      com.example.curtiss                  D  Input log is disabled in InputEventReceiver.
2026-07-19 14:13:04.244  9889-9889  DecorViewImmersiveImpl  com.example.curtiss                  D  onAttachedToWindow. pkg: com.example.curtiss
2026-07-19 14:13:04.244  9889-9889  ComputilityLevel        com.example.curtiss                  I  getComputilityLevel(): 1
2026-07-19 14:13:04.246  9889-9889  InsetsSource            com.example.curtiss                  W  Has no intersection or mTmpFrame.height(), return Insets.NONE mTmpFrame.height() =0 hasIntersection =false
2026-07-19 14:13:04.246  9889-9889  InsetsSource            com.example.curtiss                  W  Has no intersection or mTmpFrame.height(), return Insets.NONE mTmpFrame.height() =0 hasIntersection =false
2026-07-19 14:13:04.246  9889-9889  InsetsSource            com.example.curtiss                  W  Has no intersection or mTmpFrame.height(), return Insets.NONE mTmpFrame.height() =0 hasIntersection =false
2026-07-19 14:13:04.246  9889-9889  InsetsSource            com.example.curtiss                  W  Has no intersection or mTmpFrame.height(), return Insets.NONE mTmpFrame.height() =0 hasIntersection =false
2026-07-19 14:13:04.246  9889-9889  InsetsSource            com.example.curtiss                  W  Has no intersection or mTmpFrame.height(), return Insets.NONE mTmpFrame.height() =0 hasIntersection =false
2026-07-19 14:13:04.246  9889-9889  InsetsSource            com.example.curtiss                  W  Has no intersection or mTmpFrame.height(), return Insets.NONE mTmpFrame.height() =0 hasIntersection =false
2026-07-19 14:13:04.287  9889-9889  InsetsSource            com.example.curtiss                  W  Has no intersection or mTmpFrame.height(), return Insets.NONE mTmpFrame.height() =0 hasIntersection =false
2026-07-19 14:13:04.287  9889-9889  InsetsSource            com.example.curtiss                  W  Has no intersection or mTmpFrame.height(), return Insets.NONE mTmpFrame.height() =0 hasIntersection =false
2026-07-19 14:13:04.287  9889-9889  InsetsSource            com.example.curtiss                  W  Has no intersection or mTmpFrame.height(), return Insets.NONE mTmpFrame.height() =0 hasIntersection =false
2026-07-19 14:13:04.287  9889-9889  InsetsSource            com.example.curtiss                  W  Has no intersection or mTmpFrame.height(), return Insets.NONE mTmpFrame.height() =0 hasIntersection =false
2026-07-19 14:13:04.289  9889-9889  example.curtiss         com.example.curtiss                  E  [perfctl] 9889 9889 FPSGO ver:7
2026-07-19 14:13:04.289  9889-9889  example.curtiss         com.example.curtiss                  E  [perfctl] 1 1 1 0
2026-07-19 14:13:04.289  9889-9889  BufferQueueConsumer     com.example.curtiss                  D  [](id:26a100000000,api:0,p:-1,c:9889) connect: controlledByApp=false
2026-07-19 14:13:04.290  9889-9889  BLASTBufferQueue        com.example.curtiss                  D  [VRI[SplashActivity]#0](f:0,a:0) constructor()
2026-07-19 14:13:04.290  9889-9889  BLASTBufferQueue        com.example.curtiss                  D  registerFramerateFineControlListener, PID = 9889, name = VRI[SplashActivity]
2026-07-19 14:13:04.291  9889-9889  FramerateFineControl    com.example.curtiss                  I  registerListener failed: 0
2026-07-19 14:13:04.291  9889-9889  BLASTBufferQueue        com.example.curtiss                  D  [VRI[SplashActivity]#0](f:0,a:0) update width=1600 height=2560 format=-1 mTransformHint=3
2026-07-19 14:13:04.297  9889-9889  VRI[SplashActivity]     com.example.curtiss                  D  vri.Setup new sync=wmsSync-VRI[SplashActivity]#0
2026-07-19 14:13:04.334  9889-9919  GrallocExtra            com.example.curtiss                  I  gralloc_extra_query:is_SW3D 0
2026-07-19 14:13:04.342  9889-9919  SKIA                    com.example.curtiss                  I  CreateGraphicsPipeline pipeline cache hit. elpased time: 0.40 ms.
2026-07-19 14:13:04.342  9889-9919  SKIA                    com.example.curtiss                  I  CreateGraphicsPipeline pipeline cache hit. elpased time: 0.16 ms.
2026-07-19 14:13:04.343  9889-9919  SKIA                    com.example.curtiss                  I  CreateGraphicsPipeline pipeline cache hit. elpased time: 0.18 ms.
2026-07-19 14:13:04.343  9889-9919  SKIA                    com.example.curtiss                  I  CreateGraphicsPipeline pipeline cache hit. elpased time: 0.16 ms.
2026-07-19 14:13:04.344  9889-9919  SKIA                    com.example.curtiss                  I  CreateGraphicsPipeline pipeline cache hit. elpased time: 0.13 ms.
2026-07-19 14:13:04.344  9889-9919  SKIA                    com.example.curtiss                  I  CreateGraphicsPipeline pipeline cache hit. elpased time: 0.14 ms.
2026-07-19 14:13:04.348  9889-9919  GrallocExtra            com.example.curtiss                  I  gralloc_extra_query:is_SW3D 0
2026-07-19 14:13:04.349  9889-9919  libc                    com.example.curtiss                  W  Access denied finding property "ro.vendor.display.iris_x7.support"
2026-07-19 14:13:04.343  9889-9889  RenderThread            com.example.curtiss                  W  type=1400 audit(0.0:89608): avc:  denied  { read } for  name="u:object_r:vendor_displayfeature_prop:s0" dev="tmpfs" ino=594 scontext=u:r:untrusted_app:s0:c44,c257,c512,c768 tcontext=u:object_r:vendor_displayfeature_prop:s0 tclass=file permissive=0 app=com.example.curtiss
2026-07-19 14:13:04.349  9889-9919  BLASTBufferQueue        com.example.curtiss                  D  [VRI[SplashActivity]#0](f:0,a:1) acquireNextBufferLocked size=1600x2560 mFrameNumber=1 applyTransaction=true mTimestamp=49093426692541(auto) mPendingTransactions.size=0 graphicBufferId=42472931590145 transform=3
2026-07-19 14:13:04.351  9889-9889  VRI[SplashActivity]     com.example.curtiss                  D  vri.reportDrawFinished 0 0 Rect(0, 0 - 1600, 2560)
2026-07-19 14:13:04.356  9889-9919  HWUI                    com.example.curtiss                  D  [HWUI] Flag vulkan_enhance_pipeline_cache enabled
2026-07-19 14:13:04.356  9889-9919  HWUI                    com.example.curtiss                  D  [HWUI] EnhanceVkPipelineCache is disabled
2026-07-19 14:13:04.356  9889-9919  HWUI                    com.example.curtiss                  D  [HWUI] Flag ddre enabled
2026-07-19 14:13:04.361  9889-9889  InsetsSource            com.example.curtiss                  W  Has no intersection or mTmpFrame.height(), return Insets.NONE mTmpFrame.height() =0 hasIntersection =false
2026-07-19 14:13:04.361  9889-9889  InsetsSource            com.example.curtiss                  W  Has no intersection or mTmpFrame.height(), return Insets.NONE mTmpFrame.height() =0 hasIntersection =false
2026-07-19 14:13:04.361  9889-9889  InsetsSource            com.example.curtiss                  W  Has no intersection or mTmpFrame.height(), return Insets.NONE mTmpFrame.height() =0 hasIntersection =false
2026-07-19 14:13:04.361  9889-9889  InsetsSource            com.example.curtiss                  W  Has no intersection or mTmpFrame.height(), return Insets.NONE mTmpFrame.height() =0 hasIntersection =false
2026-07-19 14:13:04.394  9889-9889  HandWritingStubImpl     com.example.curtiss                  I  refreshLastKeyboardType: 1
2026-07-19 14:13:04.395  9889-9889  HandWritingStubImpl     com.example.curtiss                  I  getCurrentKeyboardType: 1
2026-07-19 14:13:04.404  9889-9889  InsetsController        com.example.curtiss                  D  hide(ime(), fromIme=false)
2026-07-19 14:13:04.405  9889-9889  ImeTracker              com.example.curtiss                  I  com.example.curtiss:405bc292: onCancelled at PHASE_CLIENT_ALREADY_HIDDEN
2026-07-19 14:13:04.419  9889-9889  HandWritingStubImpl     com.example.curtiss                  I  getCurrentKeyboardType: 1
2026-07-19 14:13:04.457  9889-9889  InsetsSource            com.example.curtiss                  W  Has no intersection or mTmpFrame.height(), return Insets.NONE mTmpFrame.height() =0 hasIntersection =false
2026-07-19 14:13:04.457  9889-9889  InsetsSource            com.example.curtiss                  W  Has no intersection or mTmpFrame.height(), return Insets.NONE mTmpFrame.height() =0 hasIntersection =false
2026-07-19 14:13:04.457  9889-9889  InsetsSource            com.example.curtiss                  W  Has no intersection or mTmpFrame.height(), return Insets.NONE mTmpFrame.height() =0 hasIntersection =false
2026-07-19 14:13:04.457  9889-9889  InsetsSource            com.example.curtiss                  W  Has no intersection or mTmpFrame.height(), return Insets.NONE mTmpFrame.height() =0 hasIntersection =false
2026-07-19 14:13:04.465  9889-9919  SKIA                    com.example.curtiss                  I  CreateGraphicsPipeline pipeline cache hit. elpased time: 0.17 ms.
2026-07-19 14:13:04.509  9889-9958  SyncWorker              com.example.curtiss                  D  SyncWorker: Initiating persistent background pull sync for user 20
2026-07-19 14:13:04.582  9889-9944  CurtissUpdate           com.example.curtiss                  I  Server API responded with HTTP code: 200
2026-07-19 14:13:04.586  9889-9889  CurtissUpdate           com.example.curtiss                  I  Raw API Response JSON: {"latestVersion":"1.12.0","latestVersionCode":12,"latestVersionCodeNormalized":12,"apkUrl":"https:\/\/curtiss.suzxlabs.com\/releases\/latest.apk?v=1.12.0&t=1784450583","forceUpdate":true,"releaseNotes":["Introducing the new Product Variation System, making it easier to Bill multiple variations of your products.","New Features","\u2022 Product Variation System \u2013 Create and manage product variations such as size, color, or other attributes with improved flexibility and organization.","Improvements","\u2022 Performance improvements and optimizations for a smoother experience.","Bug Fixes","\u2022 Fixed various issues to improve overall stability and reliability."],"apkMd5":"90727d2d7208ceda618d0ec28633d7f0","packageName":"com.example.curtiss"}
2026-07-19 14:13:04.589  9889-9889  CurtissUpdate           com.example.curtiss                  I  Resolved APK URL: https://curtiss.suzxlabs.com/releases/latest.apk
2026-07-19 14:13:04.590  9889-9889  CurtissUpdate           com.example.curtiss                  I  Current installed app version name: 1.12.0
2026-07-19 14:13:04.590  9889-9889  CurtissUpdate           com.example.curtiss                  I  --- Update Diagnostics ---
2026-07-19 14:13:04.590  9889-9889  CurtissUpdate           com.example.curtiss                  I  Local Package: com.example.curtiss | Server Package: com.example.curtiss
2026-07-19 14:13:04.590  9889-9889  CurtissUpdate           com.example.curtiss                  I  Local Version Name: 1.12.0 | Server Version Name: 1.12.0
2026-07-19 14:13:04.590  9889-9889  CurtissUpdate           com.example.curtiss                  I  Local Version Code (Build): 12 | Server Version Code (Build): 12
2026-07-19 14:13:04.590  9889-9889  CurtissUpdate           com.example.curtiss                  I  No update needed: Server build version code 12 <= installed 12
2026-07-19 14:13:04.613  9889-9889  VRI[SplashActivity]     com.example.curtiss                  D  getMiuiFreeformStackInfo mTmpFrames.miuiFreeFormStackInfo: null
2026-07-19 14:13:04.616  9889-9958  SyncManager             com.example.curtiss                  D  Pull Sync attempt 1 of 3 to URL: https://curtiss.suzxlabs.com/rep/RepDashboard/sync_pull?api_sync=1&last_sync=2026-07-19+13%3A41%3A36
2026-07-19 14:13:04.617  9889-9958  SyncManager             com.example.curtiss                  D  Pull Sync Request Method: GET
2026-07-19 14:13:04.725  9889-9958  SyncManager             com.example.curtiss                  D  Pull Sync Response Code: 200
2026-07-19 14:13:04.726  9889-9958  SyncManager             com.example.curtiss                  D  Pull Sync Response Header: null = [HTTP/1.1 200 OK]
2026-07-19 14:13:04.726  9889-9958  SyncManager             com.example.curtiss                  D  Pull Sync Response Header: Access-Control-Allow-Headers = [Content-Type, Authorization, X-Requested-With, X-User-ID]
2026-07-19 14:13:04.726  9889-9958  SyncManager             com.example.curtiss                  D  Pull Sync Response Header: Access-Control-Allow-Methods = [GET, POST, OPTIONS, PUT, DELETE]
2026-07-19 14:13:04.726  9889-9958  SyncManager             com.example.curtiss                  D  Pull Sync Response Header: Access-Control-Allow-Origin = [*]
2026-07-19 14:13:04.726  9889-9958  SyncManager             com.example.curtiss                  D  Pull Sync Response Header: Cache-Control = [no-store, no-cache, must-revalidate]
2026-07-19 14:13:04.726  9889-9958  SyncManager             com.example.curtiss                  D  Pull Sync Response Header: Connection = [keep-alive]
2026-07-19 14:13:04.726  9889-9958  SyncManager             com.example.curtiss                  D  Pull Sync Response Header: Content-Type = [application/json]
2026-07-19 14:13:04.726  9889-9958  SyncManager             com.example.curtiss                  D  Pull Sync Response Header: Date = [Sun, 19 Jul 2026 08:43:03 GMT]
2026-07-19 14:13:04.726  9889-9958  SyncManager             com.example.curtiss                  D  Pull Sync Response Header: Expires = [Thu, 19 Nov 1981 08:52:00 GMT]
2026-07-19 14:13:04.726  9889-9958  SyncManager             com.example.curtiss                  D  Pull Sync Response Header: Pragma = [no-cache]
2026-07-19 14:13:04.726  9889-9958  SyncManager             com.example.curtiss                  D  Pull Sync Response Header: Server = [nginx]
2026-07-19 14:13:04.726  9889-9958  SyncManager             com.example.curtiss                  D  Pull Sync Response Header: Set-Cookie = [PHPSESSID=htcita5lnrsia5js4ogf5gu8fb; path=/; domain=.suzxlabs.com; secure; HttpOnly; SameSite=Lax]
2026-07-19 14:13:04.726  9889-9958  SyncManager             com.example.curtiss                  D  Pull Sync Response Header: Transfer-Encoding = [chunked]
2026-07-19 14:13:04.726  9889-9958  SyncManager             com.example.curtiss                  D  Pull Sync Response Header: X-Android-Received-Millis = [1784450584725]
2026-07-19 14:13:04.726  9889-9958  SyncManager             com.example.curtiss                  D  Pull Sync Response Header: X-Android-Response-Source = [NETWORK 200]
2026-07-19 14:13:04.726  9889-9958  SyncManager             com.example.curtiss                  D  Pull Sync Response Header: X-Android-Selected-Protocol = [http/1.1]
2026-07-19 14:13:04.726  9889-9958  SyncManager             com.example.curtiss                  D  Pull Sync Response Header: X-Android-Sent-Millis = [1784450584622]
2026-07-19 14:13:04.726  9889-9958  SyncManager             com.example.curtiss                  D  Pull Sync Response Header: X-Powered-By = [PHP/8.3.32, PleskLin]
2026-07-19 14:13:04.934  9889-9958  SQLiteLog               com.example.curtiss                  E  (1) table discount_rules has no column named start_date in "INSERT OR REPLACE  INTO discount_rules(rule_type,start_date,target_category_id,target_item_id,status,id,name,discount_cap,reward_type,end_date) VALUES (?
2026-07-19 14:13:04.941  9889-9958  SyncManager             com.example.curtiss                  E  Error in incremental sync: table discount_rules has no column named start_date (code 1 SQLITE_ERROR): , while compiling: INSERT OR REPLACE  INTO discount_rules(rule_type,start_date,target_category_id,target_item_id,status,id,name,discount_cap,reward_type,end_date) VALUES (?,?,?,?,?,?,?,?,?,?)
                                                                                                    android.database.sqlite.SQLiteException: table discount_rules has no column named start_date (code 1 SQLITE_ERROR): , while compiling: INSERT OR REPLACE  INTO discount_rules(rule_type,start_date,target_category_id,target_item_id,status,id,name,discount_cap,reward_type,end_date) VALUES (?,?,?,?,?,?,?,?,?,?)
                                                                                                    	at android.database.sqlite.SQLiteConnection.nativePrepareStatement(Native Method)
                                                                                                    	at android.database.sqlite.SQLiteConnection.-$$Nest$smnativePrepareStatement(Unknown Source:0)
                                                                                                    	at android.database.sqlite.SQLiteConnection$PreparedStatementCache.createStatement(SQLiteConnection.java:1671)
                                                                                                    	at android.database.sqlite.SQLiteConnection.acquirePreparedStatementLI(SQLiteConnection.java:1116)
                                                                                                    	at android.database.sqlite.SQLiteConnection.acquirePreparedStatement(SQLiteConnection.java:1144)
                                                                                                    	at android.database.sqlite.SQLiteConnection.prepare(SQLiteConnection.java:704)
                                                                                                    	at android.database.sqlite.SQLiteSession.prepare(SQLiteSession.java:625)
                                                                                                    	at android.database.sqlite.SQLiteProgram.<init>(SQLiteProgram.java:65)
                                                                                                    	at android.database.sqlite.SQLiteStatement.<init>(SQLiteStatement.java:34)
                                                                                                    	at android.database.sqlite.SQLiteDatabase.insertWithOnConflict(SQLiteDatabase.java:2038)
                                                                                                    	at com.example.curtiss.SyncManager.parseAndSaveSyncData(SyncManager.java:830)
                                                                                                    	at com.example.curtiss.SyncManager.executePull(SyncManager.java:156)
                                                                                                    	at com.example.curtiss.SyncManager.executePull(SyncManager.java:107)
                                                                                                    	at com.example.curtiss.SyncWorker.doWork(SyncWorker.java:38)
                                                                                                    	at androidx.work.Worker$1.run(Worker.java:82)
                                                                                                    	at java.util.concurrent.ThreadPoolExecutor.runWorker(ThreadPoolExecutor.java:1156)
                                                                                                    	at java.util.concurrent.ThreadPoolExecutor$Worker.run(ThreadPoolExecutor.java:651)
                                                                                                    	at java.lang.Thread.run(Thread.java:1119)
2026-07-19 14:13:04.943  9889-9958  SyncManager             com.example.curtiss                  E  Pull Sync connection attempt 1 failed: Incremental streaming database save failed.
                                                                                                    java.lang.Exception: Incremental streaming database save failed.
                                                                                                    	at com.example.curtiss.SyncManager.executePull(SyncManager.java:216)
                                                                                                    	at com.example.curtiss.SyncManager.executePull(SyncManager.java:107)
                                                                                                    	at com.example.curtiss.SyncWorker.doWork(SyncWorker.java:38)
                                                                                                    	at androidx.work.Worker$1.run(Worker.java:82)
                                                                                                    	at java.util.concurrent.ThreadPoolExecutor.runWorker(ThreadPoolExecutor.java:1156)
                                                                                                    	at java.util.concurrent.ThreadPoolExecutor$Worker.run(ThreadPoolExecutor.java:651)
                                                                                                    	at java.lang.Thread.run(Thread.java:1119)
2026-07-19 14:13:05.654  9889-9895  example.curtiss         com.example.curtiss                  I  Compiler allocated 6743KB to compile void android.view.ViewRootImpl.performTraversals()
2026-07-19 14:13:06.385  9889-9919  LB                      com.example.curtiss                  E  fail to open file: No such file or directory
2026-07-19 14:13:06.379  9889-9889  RenderThread            com.example.curtiss                  W  type=1400 audit(0.0:89610): avc:  denied  { getattr } for  path="/sys/module/metis/parameters/minor_window_app" dev="sysfs" ino=83207 scontext=u:r:untrusted_app:s0:c44,c257,c512,c768 tcontext=u:object_r:sysfs_migt:s0 tclass=file permissive=0 app=com.example.curtiss
2026-07-19 14:13:06.945  9889-9958  SyncManager             com.example.curtiss                  D  Pull Sync attempt 2 of 3 to URL: https://curtiss.suzxlabs.com/rep/RepDashboard/sync_pull?api_sync=1&last_sync=2026-07-19+13%3A41%3A36
2026-07-19 14:13:06.945  9889-9958  SyncManager             com.example.curtiss                  D  Pull Sync Request Method: GET
2026-07-19 14:13:07.151  9889-9958  SyncManager             com.example.curtiss                  D  Pull Sync Response Code: 200
2026-07-19 14:13:07.151  9889-9958  SyncManager             com.example.curtiss                  D  Pull Sync Response Header: null = [HTTP/1.1 200 OK]
2026-07-19 14:13:07.151  9889-9958  SyncManager             com.example.curtiss                  D  Pull Sync Response Header: Access-Control-Allow-Headers = [Content-Type, Authorization, X-Requested-With, X-User-ID]
2026-07-19 14:13:07.151  9889-9958  SyncManager             com.example.curtiss                  D  Pull Sync Response Header: Access-Control-Allow-Methods = [GET, POST, OPTIONS, PUT, DELETE]
2026-07-19 14:13:07.151  9889-9958  SyncManager             com.example.curtiss                  D  Pull Sync Response Header: Access-Control-Allow-Origin = [*]
2026-07-19 14:13:07.151  9889-9958  SyncManager             com.example.curtiss                  D  Pull Sync Response Header: Cache-Control = [no-store, no-cache, must-revalidate]
2026-07-19 14:13:07.151  9889-9958  SyncManager             com.example.curtiss                  D  Pull Sync Response Header: Connection = [keep-alive]
2026-07-19 14:13:07.151  9889-9958  SyncManager             com.example.curtiss                  D  Pull Sync Response Header: Content-Type = [application/json]
2026-07-19 14:13:07.151  9889-9958  SyncManager             com.example.curtiss                  D  Pull Sync Response Header: Date = [Sun, 19 Jul 2026 08:43:05 GMT]
2026-07-19 14:13:07.151  9889-9958  SyncManager             com.example.curtiss                  D  Pull Sync Response Header: Expires = [Thu, 19 Nov 1981 08:52:00 GMT]
2026-07-19 14:13:07.151  9889-9958  SyncManager             com.example.curtiss                  D  Pull Sync Response Header: Pragma = [no-cache]
2026-07-19 14:13:07.151  9889-9958  SyncManager             com.example.curtiss                  D  Pull Sync Response Header: Server = [nginx]
2026-07-19 14:13:07.151  9889-9958  SyncManager             com.example.curtiss                  D  Pull Sync Response Header: Set-Cookie = [PHPSESSID=ndllt4ht71c4q0cf0i39sa7ugi; path=/; domain=.suzxlabs.com; secure; HttpOnly; SameSite=Lax]
2026-07-19 14:13:07.151  9889-9958  SyncManager             com.example.curtiss                  D  Pull Sync Response Header: Transfer-Encoding = [chunked]
2026-07-19 14:13:07.151  9889-9958  SyncManager             com.example.curtiss                  D  Pull Sync Response Header: X-Android-Received-Millis = [1784450587151]
2026-07-19 14:13:07.151  9889-9958  SyncManager             com.example.curtiss                  D  Pull Sync Response Header: X-Android-Response-Source = [NETWORK 200]
2026-07-19 14:13:07.151  9889-9958  SyncManager             com.example.curtiss                  D  Pull Sync Response Header: X-Android-Selected-Protocol = [http/1.1]
2026-07-19 14:13:07.151  9889-9958  SyncManager             com.example.curtiss                  D  Pull Sync Response Header: X-Android-Sent-Millis = [1784450587035]
2026-07-19 14:13:07.152  9889-9958  SyncManager             com.example.curtiss                  D  Pull Sync Response Header: X-Powered-By = [PHP/8.3.32, PleskLin]
2026-07-19 14:13:07.170  9889-9958  SQLiteLog               com.example.curtiss                  E  (1) table discount_rules has no column named start_date in "INSERT OR REPLACE  INTO discount_rules(rule_type,start_date,target_category_id,target_item_id,status,id,name,discount_cap,reward_type,end_date) VALUES (?
2026-07-19 14:13:07.170  9889-9958  SyncManager             com.example.curtiss                  E  Error in incremental sync: table discount_rules has no column named start_date (code 1 SQLITE_ERROR): , while compiling: INSERT OR REPLACE  INTO discount_rules(rule_type,start_date,target_category_id,target_item_id,status,id,name,discount_cap,reward_type,end_date) VALUES (?,?,?,?,?,?,?,?,?,?)
                                                                                                    android.database.sqlite.SQLiteException: table discount_rules has no column named start_date (code 1 SQLITE_ERROR): , while compiling: INSERT OR REPLACE  INTO discount_rules(rule_type,start_date,target_category_id,target_item_id,status,id,name,discount_cap,reward_type,end_date) VALUES (?,?,?,?,?,?,?,?,?,?)
                                                                                                    	at android.database.sqlite.SQLiteConnection.nativePrepareStatement(Native Method)
                                                                                                    	at android.database.sqlite.SQLiteConnection.-$$Nest$smnativePrepareStatement(Unknown Source:0)
                                                                                                    	at android.database.sqlite.SQLiteConnection$PreparedStatementCache.createStatement(SQLiteConnection.java:1671)
                                                                                                    	at android.database.sqlite.SQLiteConnection.acquirePreparedStatementLI(SQLiteConnection.java:1116)
                                                                                                    	at android.database.sqlite.SQLiteConnection.acquirePreparedStatement(SQLiteConnection.java:1144)
                                                                                                    	at android.database.sqlite.SQLiteConnection.prepare(SQLiteConnection.java:704)
                                                                                                    	at android.database.sqlite.SQLiteSession.prepare(SQLiteSession.java:625)
                                                                                                    	at android.database.sqlite.SQLiteProgram.<init>(SQLiteProgram.java:65)
                                                                                                    	at android.database.sqlite.SQLiteStatement.<init>(SQLiteStatement.java:34)
                                                                                                    	at android.database.sqlite.SQLiteDatabase.insertWithOnConflict(SQLiteDatabase.java:2038)
                                                                                                    	at com.example.curtiss.SyncManager.parseAndSaveSyncData(SyncManager.java:830)
                                                                                                    	at com.example.curtiss.SyncManager.executePull(SyncManager.java:156)
                                                                                                    	at com.example.curtiss.SyncManager.executePull(SyncManager.java:107)
                                                                                                    	at com.example.curtiss.SyncWorker.doWork(SyncWorker.java:38)
                                                                                                    	at androidx.work.Worker$1.run(Worker.java:82)
                                                                                                    	at java.util.concurrent.ThreadPoolExecutor.runWorker(ThreadPoolExecutor.java:1156)
                                                                                                    	at java.util.concurrent.ThreadPoolExecutor$Worker.run(ThreadPoolExecutor.java:651)
                                                                                                    	at java.lang.Thread.run(Thread.java:1119)
2026-07-19 14:13:07.170  9889-9958  SyncManager             com.example.curtiss                  E  Pull Sync connection attempt 2 failed: Incremental streaming database save failed.
                                                                                                    java.lang.Exception: Incremental streaming database save failed.
                                                                                                    	at com.example.curtiss.SyncManager.executePull(SyncManager.java:216)
                                                                                                    	at com.example.curtiss.SyncManager.executePull(SyncManager.java:107)
                                                                                                    	at com.example.curtiss.SyncWorker.doWork(SyncWorker.java:38)
                                                                                                    	at androidx.work.Worker$1.run(Worker.java:82)
                                                                                                    	at java.util.concurrent.ThreadPoolExecutor.runWorker(ThreadPoolExecutor.java:1156)
                                                                                                    	at java.util.concurrent.ThreadPoolExecutor$Worker.run(ThreadPoolExecutor.java:651)
                                                                                                    	at java.lang.Thread.run(Thread.java:1119)
2026-07-19 14:13:07.351  9889-9919  example.curtiss         com.example.curtiss                  E  DynamicFPS DF open fail: No such file or directory
2026-07-19 14:13:09.171  9889-9958  SyncManager             com.example.curtiss                  D  Pull Sync attempt 3 of 3 to URL: https://curtiss.suzxlabs.com/rep/RepDashboard/sync_pull?api_sync=1&last_sync=2026-07-19+13%3A41%3A36
2026-07-19 14:13:09.171  9889-9958  SyncManager             com.example.curtiss                  D  Pull Sync Request Method: GET
2026-07-19 14:13:09.351  9889-9919  example.curtiss         com.example.curtiss                  E  FrameInsert open fail: No such file or directory
2026-07-19 14:13:09.408  9889-9958  SyncManager             com.example.curtiss                  D  Pull Sync Response Code: 200
2026-07-19 14:13:09.409  9889-9958  SyncManager             com.example.curtiss                  D  Pull Sync Response Header: null = [HTTP/1.1 200 OK]
2026-07-19 14:13:09.409  9889-9958  SyncManager             com.example.curtiss                  D  Pull Sync Response Header: Access-Control-Allow-Headers = [Content-Type, Authorization, X-Requested-With, X-User-ID]
2026-07-19 14:13:09.409  9889-9958  SyncManager             com.example.curtiss                  D  Pull Sync Response Header: Access-Control-Allow-Methods = [GET, POST, OPTIONS, PUT, DELETE]
2026-07-19 14:13:09.409  9889-9958  SyncManager             com.example.curtiss                  D  Pull Sync Response Header: Access-Control-Allow-Origin = [*]
2026-07-19 14:13:09.409  9889-9958  SyncManager             com.example.curtiss                  D  Pull Sync Response Header: Cache-Control = [no-store, no-cache, must-revalidate]
2026-07-19 14:13:09.409  9889-9958  SyncManager             com.example.curtiss                  D  Pull Sync Response Header: Connection = [keep-alive]
2026-07-19 14:13:09.409  9889-9958  SyncManager             com.example.curtiss                  D  Pull Sync Response Header: Content-Type = [application/json]
2026-07-19 14:13:09.409  9889-9958  SyncManager             com.example.curtiss                  D  Pull Sync Response Header: Date = [Sun, 19 Jul 2026 08:43:07 GMT]
2026-07-19 14:13:09.409  9889-9958  SyncManager             com.example.curtiss                  D  Pull Sync Response Header: Expires = [Thu, 19 Nov 1981 08:52:00 GMT]
2026-07-19 14:13:09.409  9889-9958  SyncManager             com.example.curtiss                  D  Pull Sync Response Header: Pragma = [no-cache]
2026-07-19 14:13:09.409  9889-9958  SyncManager             com.example.curtiss                  D  Pull Sync Response Header: Server = [nginx]
2026-07-19 14:13:09.409  9889-9958  SyncManager             com.example.curtiss                  D  Pull Sync Response Header: Set-Cookie = [PHPSESSID=u8jgicbqpol8goedke6ebmq87f; path=/; domain=.suzxlabs.com; secure; HttpOnly; SameSite=Lax]
2026-07-19 14:13:09.409  9889-9958  SyncManager             com.example.curtiss                  D  Pull Sync Response Header: Transfer-Encoding = [chunked]
2026-07-19 14:13:09.410  9889-9958  SyncManager             com.example.curtiss                  D  Pull Sync Response Header: X-Android-Received-Millis = [1784450589408]
2026-07-19 14:13:09.410  9889-9958  SyncManager             com.example.curtiss                  D  Pull Sync Response Header: X-Android-Response-Source = [NETWORK 200]
