2026-07-17 20:10:17.496 18109-18109 VRI[MainAc...y]@41668e3 com.example.curtiss                  I  ViewPostIme pointer 0
2026-07-17 20:10:17.496 18109-18109 VRI[MainAc...y]@41668e3 com.example.curtiss                  I  call setFrameRateCategory for touch hint category=high hint, reason=touch, vri=VRI[MainActivity]@41668e3
2026-07-17 20:10:17.558 18109-18109 VRI[MainAc...y]@41668e3 com.example.curtiss                  I  ViewPostIme pointer 1
2026-07-17 20:10:17.580 18109-18109 Toast                   com.example.curtiss                  I  show: caller = com.example.curtiss.MainActivity$21.onClick:761 
2026-07-17 20:10:17.581 18109-18109 Toast                   com.example.curtiss                  I  show: contextDispId = 0 mCustomDisplayId = -1 focusedDisplayId = 0 isActivityContext = true
2026-07-17 20:10:17.599 18109-18109 WindowManager           com.example.curtiss                  I  WindowManagerGlobal#removeView, ty=2, view=com.android.internal.policy.DecorView{1a26912 V.E...... R....... 0,0-1026,1309}[MainActivity], caller=android.view.WindowManagerGlobal.removeView:654 android.view.WindowManagerImpl.removeViewImmediate:254 android.app.Dialog.dismissDialog:854 
2026-07-17 20:10:17.600 18109-18109 WindowOnBackDispatcher  com.example.curtiss                  D  setTopOnBackInvokedCallback (unwrapped): null
2026-07-17 20:10:17.601 18109-18127 HWUI                    com.example.curtiss                  D  endAllActiveAnimators on 0xb4000074a5baa5e0 (RippleDrawable) with handle 0xb400007595a70b90
2026-07-17 20:10:17.601 18109-18109 VRI[MainAc...y]@41668e3 com.example.curtiss                  I  dispatchDetachedFromWindow
2026-07-17 20:10:17.604 18109-18109 InputTransport          com.example.curtiss                  D  Input channel destroyed: 'd827a20', fd=168
2026-07-17 20:10:17.617 18109-18109 ActivityThread          com.example.curtiss                  D  com.example.curtiss will use render engine as VK
2026-07-17 20:10:17.622 18109-18109 DecorView               com.example.curtiss                  I  setWindowBackground: isPopOver=false color=ff141218 d=android.graphics.drawable.ColorDrawable@748e90f
2026-07-17 20:10:17.660 18109-18109 ViewRootImpl            com.example.curtiss                  D  desktopMode is false
2026-07-17 20:10:17.660 18109-18109 ViewRootImpl            com.example.curtiss                  I  dVRR is disabled
2026-07-17 20:10:17.660 18109-18127 NativeCust...ncyManager com.example.curtiss                  D  [NativeCFMS] BpCustomFrequencyManager::BpCustomFrequencyManager()
2026-07-17 20:10:17.661 18109-18167 SyncManager             com.example.curtiss                  D  SyncManager: Found 1 unsynced local invoices.
2026-07-17 20:10:17.661 18109-18167 SyncManager             com.example.curtiss                  D  SyncManager: Staging invoice 202607170009 (local_id: 10, local_route_id: 7, server_route_id: 32, route_uuid: fddfe5e1-5238-45b1-93c3-e16af1911d92, server_customer_id: 362992)
2026-07-17 20:10:17.662 18109-18109 InputTransport          com.example.curtiss                  D  Input channel constructed: 'fa2f19a', fd=163
2026-07-17 20:10:17.662 18109-18109 InsetsController        com.example.curtiss                  I  onStateChanged: host=com.example.curtiss/com.example.curtiss.SyncProgressActivity, from=android.view.ViewRootImpl.onInsetsStateChanged:3038, state=InsetsState: {mDisplayFrame=Rect(0, 0 - 1080, 2340), mDisplayCutout=DisplayCutout{insets=Rect(0, 96 - 0, 0) waterfall=Insets{left=0, top=0, right=0, bottom=0} boundingRect={Bounds=[Rect(0, 0 - 0, 0), Rect(514, 0 - 566, 96), Rect(0, 0 - 0, 0), Rect(0, 0 - 0, 0)]} cutoutPathParserInfo={CutoutPathParserInfo{displayWidth=1080 displayHeight=2340 physicalDisplayWidth=1080 physicalDisplayHeight=2340 density={2.8125} cutoutSpec={M 0,0 H -9.333333333333333 V 34.13333333333333 H 9.333333333333333 V 0 H 0 Z @dp} rotation={0} scale={1.0} physicalPixelDisplaySizeRatio={1.0}}} sideOverrides={}}, mRoundedCorners=RoundedCorners{[RoundedCorner{position=TopLeft, radius=42, center=Point(42, 42)}, RoundedCorner{position=TopRight, radius=42, center=Point(1038, 42)}, RoundedCorner{position=BottomRight, radius=42, center=Point(1038, 2298)}, RoundedCorner{position=BottomLeft, radius=42, center=Point(42, 2298)}]}  mRoundedCornerFrame=Rect(0, 0 - 1080, 2340), mPrivacyIndicatorBounds=PrivacyIndicatorBounds {static bounds=Rect(956, 0 - 1080, 96) rotation=0}, mDisplayShape=DisplayShape{ spec=-311912193 displayWidth=1080 displayHeight=2340 physicalPixelDisplaySizeRatio=0.75 rotation=0 offsetX=0 offsetY=0 scale=1.0}, mSources= { InsetsSource: {3 mType=ime mFrame=[0,0][0,0] mAttachedInsets=null mVisible=false mFlags=INVALID mSideHint=NONE mBoundingRects=null}, InsetsSource: {27 mType=displayCutout mFrame=[0,0][1080,96] mAttachedInsets=null mVisible=true mFlags= mSideHint=TOP mBoundingRects=null}, InsetsSource: {1f80001 mType=navigationBars mFrame=[0,2298][1080,2340] mAttachedInsets=null mVisible=true mFlags=SUPPRESS_SCRIM mSideHint=BOTTOM mBoundingRects=null}, InsetsSource: {1f80004 mType=systemGestures mFrame=[0,0][84,2340] mAttachedInsets=null mVisible=true mFlags= mSideHint=LEFT mBoundingRects=null}, InsetsSource: {1f80005 mType=mandatorySystemGestures mFrame=[0,2250][1080,2340] mAttachedInsets=null mVisible=true mFlags= mSideHint=BOTTOM mBoundingRects=null}, InsetsSource: {1f80006 mType=tappableElement mFrame=[0,0][0,0] mAttachedInsets=null mVisible=true mFlags= mSideHint=NONE mBoundingRects=null}, InsetsSource: {1f80024 mType=systemGestures mFrame=[996,0][1080,2340] mAttachedInsets=null mVisible=true mFlags= mSideHint=RIGHT mBoundingRects=null}, InsetsSource: {71650000 mType=statusBars mFrame=[0,0][1080,96] mAttachedInsets=null mVisible=true mFlags= mSideHint=TOP mBoundingRects=null}, InsetsSource: {71650005 mType=mandatorySystemGestures mFrame=[0,0][1080,130] mAttachedInsets=null mVisible=true mFlags= mSideHint=TOP mBoundingRects=null}, InsetsSource: {71650006 mType=tappableElement mFrame=[0,0][1080,96] mAttachedInsets=null mVisible=true mFlags= mSideHint=TOP mBoundingRects=null} }
2026-07-17 20:10:17.663 18109-18109 VRI[SyncPr...y]@dce7371 com.example.curtiss                  I  synced displayState. AttachInfo displayState=2
2026-07-17 20:10:17.663 18109-18109 VRI[SyncPr...y]@dce7371 com.example.curtiss                  I  setView = com.android.internal.policy.DecorView@144cc73 IsHRR=false mFlingFrameRateChange=0 TM=true
2026-07-17 20:10:17.664 18109-18109 VRI[SyncPr...y]@dce7371 com.example.curtiss                  D  WindowInsets changed: 1080x2340 statusBars:[0,96,0,0] navigationBars:[0,0,0,42] mandatorySystemGestures:[0,130,0,90] 
2026-07-17 20:10:17.664 18109-18109 WindowOnBackDispatcher  com.example.curtiss                  D  setTopOnBackInvokedCallback (unwrapped): android.view.ViewRootImpl$$ExternalSyntheticLambda16@6f4292e
2026-07-17 20:10:17.667 18109-18109 BufferQueueProducer     com.example.curtiss                  I  [](id:46bd00000010,api:0,p:0,c:18109) setDequeueTimeout:2077252342
2026-07-17 20:10:17.667 18109-18109 BLASTBufferQueue_Java   com.example.curtiss                  I  new BLASTBufferQueue, mName= VRI[SyncProgressActivity]@dce7371 mNativeObject= 0xb400007555b940d0 caller= android.view.ViewRootImpl.updateBlastSurfaceIfNeeded:3603 android.view.ViewRootImpl.relayoutWindow:11813 android.view.ViewRootImpl.performTraversals:4840 android.view.ViewRootImpl.doTraversal:3959 android.view.ViewRootImpl$TraversalRunnable.run:13034 android.view.Choreographer$CallbackRecord.run:1961 android.view.Choreographer$CallbackRecord.run:1970 android.view.Choreographer.doCallbacks:1423 android.view.Choreographer.doFrame:1348 android.view.Choreographer$FrameDisplayEventReceiver.run:1930 
2026-07-17 20:10:17.667 18109-18109 BLASTBufferQueue_Java   com.example.curtiss                  I  update, w= 1080 h= 2340 mName = VRI[SyncProgressActivity]@dce7371 mNativeObject= 0xb400007555b940d0 sc.mNativeObject= 0xb400007445a34310 format= -1 caller= android.view.ViewRootImpl.updateBlastSurfaceIfNeeded:3608 android.view.ViewRootImpl.relayoutWindow:11813 android.view.ViewRootImpl.performTraversals:4840 android.view.ViewRootImpl.doTraversal:3959 android.view.ViewRootImpl$TraversalRunnable.run:13034 android.view.Choreographer$CallbackRecord.run:1961 
2026-07-17 20:10:17.668 18109-18109 VRI[SyncPr...y]@dce7371 com.example.curtiss                  I  Relayout returned: old=(0,0,1080,2340) new=(0,0,1080,2340) relayoutAsync=false req=(1080,2340)0 dur=2 res=0x3 s={true 0xb4000074a5bb39f0} ch=true seqId=0
2026-07-17 20:10:17.668 18109-18109 VRI[SyncPr...y]@dce7371 com.example.curtiss                  I  performConfigurationChange setNightDimText nightDimLevel=0
2026-07-17 20:10:17.668 18109-18109 VRI[SyncPr...y]@dce7371 com.example.curtiss                  D  mThreadedRenderer.initialize() mSurface={isValid=true 0xb4000074a5bb39f0} hwInitialized=true
2026-07-17 20:10:17.669 18109-18109 VRI[SyncPr...y]@dce7371 com.example.curtiss                  D  reportNextDraw android.view.ViewRootImpl.performTraversals:5507 android.view.ViewRootImpl.doTraversal:3959 android.view.ViewRootImpl$TraversalRunnable.run:13034 android.view.Choreographer$CallbackRecord.run:1961 android.view.Choreographer$CallbackRecord.run:1970 
2026-07-17 20:10:17.669 18109-18109 VRI[SyncPr...y]@dce7371 com.example.curtiss                  D  Setup new sync=wmsSync-VRI[SyncProgressActivity]@dce7371#44
2026-07-17 20:10:17.669 18109-18109 VRI[SyncPr...y]@dce7371 com.example.curtiss                  I  Creating new active sync group VRI[SyncProgressActivity]@dce7371#45
2026-07-17 20:10:17.669 18109-18109 VRI[SyncPr...y]@dce7371 com.example.curtiss                  D  registerCallbacksForSync syncBuffer=false
2026-07-17 20:10:17.671 18109-18143 VRI[SyncPr...y]@dce7371 com.example.curtiss                  D  Received frameDrawingCallback syncResult=0 frameNum=1.
2026-07-17 20:10:17.671 18109-18143 VRI[SyncPr...y]@dce7371 com.example.curtiss                  I  mWNT: t=0xb400007535a6f3e0 mBlastBufferQueue=0xb400007555b940d0 fn= 1 HdrRenderState mRenderHdrSdrRatio=1.0 caller= android.view.ViewRootImpl$12.onFrameDraw:15561 android.view.ThreadedRenderer$1.onFrameDraw:751 <bottom of call stack> 
2026-07-17 20:10:17.671 18109-18143 VRI[SyncPr...y]@dce7371 com.example.curtiss                  I  Setting up sync and frameCommitCallback
2026-07-17 20:10:17.672 18109-18127 BLASTBufferQueue        com.example.curtiss                  I  [VRI[SyncProgressActivity]@dce7371#16](f:0,a:0,s:0) onFrameAvailable the first frame is available
2026-07-17 20:10:17.672 18109-18127 SurfaceComposerClient   com.example.curtiss                  I  apply transaction with the first frame. layerId: 241383, bufferData(ID: 77777562763331, frameNumber: 1)
2026-07-17 20:10:17.672 18109-18127 VRI[SyncPr...y]@dce7371 com.example.curtiss                  I  Received frameCommittedCallback lastAttemptedDrawFrameNum=1 didProduceBuffer=true
2026-07-17 20:10:17.672 18109-18127 HWUI                    com.example.curtiss                  D  CFMS:: SetUp Pid : 18109    Tid : 18127
2026-07-17 20:10:17.673 18109-18109 VRI[SyncPr...y]@dce7371 com.example.curtiss                  D  reportDrawFinished seqId=0
2026-07-17 20:10:17.673 18109-18109 InsetsSourceConsumer    com.example.curtiss                  I  applyRequestedVisibilityToControl: visible=true, type=statusBars, host=com.example.curtiss/com.example.curtiss.MainActivity
2026-07-17 20:10:17.673 18109-18109 InsetsSourceConsumer    com.example.curtiss                  I  applyRequestedVisibilityToControl: visible=true, type=navigationBars, host=com.example.curtiss/com.example.curtiss.MainActivity
2026-07-17 20:10:17.673 18109-18127 HWUI                    com.example.curtiss                  D  HWUI - treat SMPTE_170M as sRGB
2026-07-17 20:10:17.673 18109-18109 ImeFocusController      com.example.curtiss                  I  onPreWindowFocus: skipped hasWindowFocus=false mHasImeFocus=true
2026-07-17 20:10:17.674 18109-18109 ImeFocusController      com.example.curtiss                  I  onPostWindowFocus: skipped hasWindowFocus=false mHasImeFocus=true
2026-07-17 20:10:17.680  1979-1979  SurfaceFlinger          surfaceflinger                       E  alpha changed 1.000 -> 0.000 - ActivityRecord{248931536 u0 com.example.curtiss/.SyncProgressActivity t2574}#241376
2026-07-17 20:10:17.680  1979-1979  SurfaceFlinger          surfaceflinger                       E  alpha changed 1.000 -> 0.000 - DimTransitionLayer for Surface(name=ActivityRecord{159510912 u0 com.example.curtiss/.MainActivity t2574}#241199)/@0xd01f1d#241387
2026-07-17 20:10:17.680  1979-1979  SurfaceFlinger          surfaceflinger                       E  alpha changed 0.000 -> 0.000 - DimTransitionLayer for Surface(name=ActivityRecord{159510912 u0 com.example.curtiss/.MainActivity t2574}#241199)/@0xd01f1d#241387
2026-07-17 20:10:17.680  1979-1979  SurfaceFlinger          surfaceflinger                       E  alpha changed 0.000 -> 1.000 - ActivityRecord{248931536 u0 com.example.curtiss/.SyncProgressActivity t2574}#241376
2026-07-17 20:10:17.686 18109-18167 SyncManager             com.example.curtiss                  D  Starting Push Sync POST to: https://curtiss.suzxlabs.com/rep/RepDashboard/sync_push?api_sync=1
2026-07-17 20:10:17.687 18109-18167 SyncManager             com.example.curtiss                  D  Push Payload details: {"user_id":2,"customers":[],"routes":[{"local_id":6,"route_name":"Ampara","start_meter":100000,"start_time":"2026-07-17 13:33:29","start_lat":7.1824,"start_lng":79.8801,"end_meter":110000,"end_time":"2026-07-17 20:10:09","end_lat":7.1824,"end_lng":79.8801,"status":"Completed","uuid":"9df4544b-24b4-47fb-bf9c-15f697d52169"},{"local_id":7,"route_name":"Ampara","start_meter":100000,"start_time":"2026-07-17 14:05:34","start_lat":7.4521569,"start_lng":80.3495248,"end_meter":110000,"end_time":"2026-07-17 20:09:42","end_lat":7.1824,"end_lng":79.8801,"status":"Completed","uuid":"fddfe5e1-5238-45b1-93c3-e16af1911d92"}],"invoices":[{"local_id":10,"invoice_number":"202607170009","uuid":"febf589a-3410-41d7-8224-c95074482232","customer_id":362992,"local_route_id":7,"server_route_id":32,"route_uuid":"fddfe5e1-5238-45b1-93c3-e16af1911d92","invoice_date":"2026-07-17 20:08:12","due_date":"2026-07-17 20:08:12","subtotal":4880,"discount":0,"discount_type":"Rs","global_discount_type":"Rs","tax":0,"grand_total":4880,"payment_method":"Cash","latitude":7.1824,"longitude":79.8801,"payment_term_id":1,"items":[]}],"payments":[]}
2026-07-17 20:10:17.687 18109-18167 SyncManager             com.example.curtiss                  D  Push Sync attempt 1 of 3 to URL: https://curtiss.suzxlabs.com/rep/RepDashboard/sync_push?api_sync=1
2026-07-17 20:10:17.705 18109-18109 InsetsSourceConsumer    com.example.curtiss                  I  applyRequestedVisibilityToControl: visible=true, type=statusBars, host=com.example.curtiss/com.example.curtiss.SyncProgressActivity
2026-07-17 20:10:17.705 18109-18109 InsetsSourceConsumer    com.example.curtiss                  I  applyRequestedVisibilityToControl: visible=true, type=navigationBars, host=com.example.curtiss/com.example.curtiss.SyncProgressActivity
2026-07-17 20:10:17.706 18109-18109 VRI[SyncPr...y]@dce7371 com.example.curtiss                  D  mThreadedRenderer.initializeIfNeeded()#2 mSurface={isValid=true 0xb4000074a5bb39f0}
2026-07-17 20:10:17.706 18109-18109 InputMethodManagerUtils com.example.curtiss                  D  startInputInner - Id : 0
2026-07-17 20:10:17.706 18109-18109 InputMethodManager      com.example.curtiss                  I  startInputInner - IInputMethodManagerGlobalInvoker.startInputOrWindowGainedFocus
2026-07-17 20:10:17.708 18109-18109 InsetsController        com.example.curtiss                  D  hide(ime())
2026-07-17 20:10:17.708 18109-18109 ImeTracker              com.example.curtiss                  I  com.example.curtiss:adde597c: onCancelled at PHASE_CLIENT_ALREADY_HIDDEN
2026-07-17 20:10:17.708 18109-18119 InputTransport          com.example.curtiss                  D  Input channel constructed: 'ClientS', fd=242
2026-07-17 20:10:17.713  1979-1979  SurfaceFlinger          surfaceflinger                       E  alpha changed 0.000 -> 0.020 - DimTransitionLayer for Surface(name=ActivityRecord{159510912 u0 com.example.curtiss/.MainActivity t2574}#241199)/@0xd01f1d#241387
2026-07-17 20:10:17.763  2954-3094  WindowManager           system_server                        E  win=Window{d827a20 u0 com.example.curtiss/com.example.curtiss.MainActivity EXITING} destroySurfaces: appStopped=false cleanupOnResume=false win.mWindowRemovalAllowed=true win.mRemoveOnExit=true win.mViewVisibility=0 caller=com.android.server.wm.WindowState.onExitAnimationDone:224 com.android.server.wm.WindowState.onAnimationFinished:174 com.android.server.wm.WindowContainer$$ExternalSyntheticLambda8.onAnimationFinished:3 com.android.server.wm.SurfaceAnimator$$ExternalSyntheticLambda0.onAnimationFinished:69 com.android.server.wm.LocalAnimationAdapter$$ExternalSyntheticLambda0.run:10 android.os.Handler.handleCallback:1070 android.os.Handler.dispatchMessage:125 
2026-07-17 20:10:17.780  1979-1979  SurfaceFlinger          surfaceflinger                       E  alpha changed 0.013 -> 0.000 - Surface(name=d827a20 com.example.curtiss/com.example.curtiss.MainActivity#241365)/@0x872259b - animation-leash of window_animation#241378
2026-07-17 20:10:17.885 18109-18167 SyncManager             com.example.curtiss                  D  Push Sync Response Code: 200
2026-07-17 20:10:17.885 18109-18167 SyncManager             com.example.curtiss                  D  Push Sync Response Header: null = [HTTP/1.1 200 OK]
2026-07-17 20:10:17.885 18109-18167 SyncManager             com.example.curtiss                  D  Push Sync Response Header: Access-Control-Allow-Headers = [Content-Type, Authorization, X-Requested-With, X-User-ID]
2026-07-17 20:10:17.885 18109-18167 SyncManager             com.example.curtiss                  D  Push Sync Response Header: Access-Control-Allow-Methods = [GET, POST, OPTIONS, PUT, DELETE]
2026-07-17 20:10:17.885 18109-18167 SyncManager             com.example.curtiss                  D  Push Sync Response Header: Access-Control-Allow-Origin = [*]
2026-07-17 20:10:17.885 18109-18167 SyncManager             com.example.curtiss                  D  Push Sync Response Header: Cache-Control = [no-store, no-cache, must-revalidate]
2026-07-17 20:10:17.885 18109-18167 SyncManager             com.example.curtiss                  D  Push Sync Response Header: Connection = [keep-alive]
2026-07-17 20:10:17.885 18109-18167 SyncManager             com.example.curtiss                  D  Push Sync Response Header: Content-Type = [application/json]
2026-07-17 20:10:17.885 18109-18167 SyncManager             com.example.curtiss                  D  Push Sync Response Header: Date = [Fri, 17 Jul 2026 14:40:09 GMT]
2026-07-17 20:10:17.885 18109-18167 SyncManager             com.example.curtiss                  D  Push Sync Response Header: Expires = [Thu, 19 Nov 1981 08:52:00 GMT]
2026-07-17 20:10:17.885 18109-18167 SyncManager             com.example.curtiss                  D  Push Sync Response Header: Pragma = [no-cache]
2026-07-17 20:10:17.886 18109-18167 SyncManager             com.example.curtiss                  D  Push Sync Response Header: Server = [nginx]
2026-07-17 20:10:17.886 18109-18167 SyncManager             com.example.curtiss                  D  Push Sync Response Header: Set-Cookie = [PHPSESSID=rr3loia6up0ob7bnf5scal7ie5; path=/; domain=.suzxlabs.com; secure; HttpOnly; SameSite=Lax]
2026-07-17 20:10:17.886 18109-18167 SyncManager             com.example.curtiss                  D  Push Sync Response Header: Transfer-Encoding = [chunked]
2026-07-17 20:10:17.886 18109-18167 SyncManager             com.example.curtiss                  D  Push Sync Response Header: X-Android-Received-Millis = [1784299217885]
2026-07-17 20:10:17.886 18109-18167 SyncManager             com.example.curtiss                  D  Push Sync Response Header: X-Android-Response-Source = [NETWORK 200]
2026-07-17 20:10:17.886 18109-18167 SyncManager             com.example.curtiss                  D  Push Sync Response Header: X-Android-Selected-Protocol = [http/1.1]
2026-07-17 20:10:17.886 18109-18167 SyncManager             com.example.curtiss                  D  Push Sync Response Header: X-Android-Sent-Millis = [1784299217759]
2026-07-17 20:10:17.886 18109-18167 SyncManager             com.example.curtiss                  D  Push Sync Response Header: X-Powered-By = [PHP/8.3.32, PleskLin]
2026-07-17 20:10:17.886 18109-18167 SyncManager             com.example.curtiss                  D  Push Sync Raw Response (length=241): {"success":true,"mappings":{"customers":[],"routes":[{"local_id":6,"server_id":34},{"local_id":7,"server_id":32}],"invoices":[{"local_id":10,"server_id":277565,"invoice_number":"202607170009","server_timestamp":"2026-07-17"}],"payments":[]}}
2026-07-17 20:10:17.887 18109-18167 SyncManager             com.example.curtiss                  D  Integrity verification successful for: customers
2026-07-17 20:10:17.888 18109-18167 SyncManager             com.example.curtiss                  D  Integrity verification successful for: routes
2026-07-17 20:10:17.888 18109-18167 SyncManager             com.example.curtiss                  D  Integrity verification successful for: invoices
2026-07-17 20:10:17.888 18109-18167 SyncManager             com.example.curtiss                  D  Integrity verification successful for: payments
2026-07-17 20:10:17.888 18109-18167 SyncManager             com.example.curtiss                  D  Push Sync Successful: Staged payments & invoices committed successfully!
2026-07-17 20:10:17.978 18109-18167 SyncManager             com.example.curtiss                  W  Attempt 1 failed to reconcile all data: Discrepancy: 1 bills 1 profiles failed to verify on the server.
2026-07-17 20:10:18.160 18109-18109 VRI[MainAc...y]@90a5316 com.example.curtiss                  I  handleAppVisibility mAppVisible = true visible = false
2026-07-17 20:10:18.160 18109-18109 VRI[MainAc...y]@90a5316 com.example.curtiss                  D  visibilityChanged oldVisibility=true newVisibility=false
2026-07-17 20:10:18.177 18109-18109 VRI[MainAc...y]@90a5316 com.example.curtiss                  I  Relayout returned: old=(0,0,1080,2340) new=(0,0,1080,2340) relayoutAsync=false req=(1080,2340)8 dur=2 res=0x2 s={false 0x0} ch=true seqId=0
2026-07-17 20:10:18.177 18109-18109 VRI[MainAc...y]@90a5316 com.example.curtiss                  D  Not drawing due to not visible. Reason=!mAppVisible && !mForceDecorViewVisibility
2026-07-17 20:10:18.178 18109-18109 VRI[MainAc...y]@90a5316 com.example.curtiss                  I  stopped(true) old = false
2026-07-17 20:10:18.178 18109-18109 VRI[MainAc...y]@90a5316 com.example.curtiss                  D  WindowStopped on com.example.curtiss/com.example.curtiss.MainActivity set to true
2026-07-17 20:10:18.178 18109-18109 AutofillManager         com.example.curtiss                  I  onInvisibleForAutofill(): expiringResponse
2026-07-17 20:10:18.189  2954-7196  WindowManager           system_server                        E  win=Window{614b8e6 u0 com.example.curtiss/com.example.curtiss.MainActivity} destroySurfaces: appStopped=true cleanupOnResume=false win.mWindowRemovalAllowed=false win.mRemoveOnExit=false win.mViewVisibility=8 caller=com.android.server.wm.ActivityRecord.destroySurfaces:24 com.android.server.wm.ActivityRecord.activityStopped:209 com.android.server.wm.ActivityClientController.activityStopped:102 android.app.IActivityClientController$Stub.onTransact:829 com.android.server.wm.ActivityClientController.onTransact:1 android.os.Binder.execTransactInternal:1514 android.os.Binder.execTransact:1454 
2026-07-17 20:10:19.983 18109-18167 SyncManager             com.example.curtiss                  D  SyncManager: Found 1 unsynced local invoices.
2026-07-17 20:10:19.984 18109-18167 SyncManager             com.example.curtiss                  D  SyncManager: Staging invoice 202607170009 (local_id: 10, local_route_id: 7, server_route_id: 32, route_uuid: fddfe5e1-5238-45b1-93c3-e16af1911d92, server_customer_id: 362992)
2026-07-17 20:10:20.019 18109-18167 SyncManager             com.example.curtiss                  D  Starting Push Sync POST to: https://curtiss.suzxlabs.com/rep/RepDashboard/sync_push?api_sync=1
2026-07-17 20:10:20.019 18109-18167 SyncManager             com.example.curtiss                  D  Push Payload details: {"user_id":2,"customers":[{"local_id":34928,"server_id":363297,"name":"TEST ADD","phone":"0761487079","whatsapp":"","address":"","territory":"KURU 04","latitude":0,"longitude":0,"uuid":"0646ac44-4873-4ba6-9102-4cae6c072137","sync_source":"Billing Customer Information Completion"}],"routes":[],"invoices":[{"local_id":10,"invoice_number":"202607170009","uuid":"febf589a-3410-41d7-8224-c95074482232","customer_id":362992,"local_route_id":7,"server_route_id":32,"route_uuid":"fddfe5e1-5238-45b1-93c3-e16af1911d92","invoice_date":"2026-07-17 20:08:12","due_date":"2026-07-17 20:08:12","subtotal":4880,"discount":0,"discount_type":"Rs","global_discount_type":"Rs","tax":0,"grand_total":4880,"payment_method":"Cash","latitude":7.1824,"longitude":79.8801,"payment_term_id":1,"items":[]}],"payments":[]}
2026-07-17 20:10:20.019 18109-18167 SyncManager             com.example.curtiss                  D  Push Sync attempt 1 of 3 to URL: https://curtiss.suzxlabs.com/rep/RepDashboard/sync_push?api_sync=1
2026-07-17 20:10:20.133 18109-18167 SyncManager             com.example.curtiss                  D  Push Sync Response Code: 200
2026-07-17 20:10:20.133 18109-18167 SyncManager             com.example.curtiss                  D  Push Sync Response Header: null = [HTTP/1.1 200 OK]
2026-07-17 20:10:20.133 18109-18167 SyncManager             com.example.curtiss                  D  Push Sync Response Header: Access-Control-Allow-Headers = [Content-Type, Authorization, X-Requested-With, X-User-ID]
2026-07-17 20:10:20.133 18109-18167 SyncManager             com.example.curtiss                  D  Push Sync Response Header: Access-Control-Allow-Methods = [GET, POST, OPTIONS, PUT, DELETE]
2026-07-17 20:10:20.133 18109-18167 SyncManager             com.example.curtiss                  D  Push Sync Response Header: Access-Control-Allow-Origin = [*]
2026-07-17 20:10:20.133 18109-18167 SyncManager             com.example.curtiss                  D  Push Sync Response Header: Cache-Control = [no-store, no-cache, must-revalidate]
2026-07-17 20:10:20.133 18109-18167 SyncManager             com.example.curtiss                  D  Push Sync Response Header: Connection = [keep-alive]
2026-07-17 20:10:20.133 18109-18167 SyncManager             com.example.curtiss                  D  Push Sync Response Header: Content-Type = [application/json]
2026-07-17 20:10:20.133 18109-18167 SyncManager             com.example.curtiss                  D  Push Sync Response Header: Date = [Fri, 17 Jul 2026 14:40:11 GMT]
2026-07-17 20:10:20.133 18109-18167 SyncManager             com.example.curtiss                  D  Push Sync Response Header: Expires = [Thu, 19 Nov 1981 08:52:00 GMT]
2026-07-17 20:10:20.134 18109-18167 SyncManager             com.example.curtiss                  D  Push Sync Response Header: Pragma = [no-cache]
2026-07-17 20:10:20.134 18109-18167 SyncManager             com.example.curtiss                  D  Push Sync Response Header: Server = [nginx]
2026-07-17 20:10:20.134 18109-18167 SyncManager             com.example.curtiss                  D  Push Sync Response Header: Set-Cookie = [PHPSESSID=n65uebtb0ktusbfpicqajf7sgc; path=/; domain=.suzxlabs.com; secure; HttpOnly; SameSite=Lax]
2026-07-17 20:10:20.134 18109-18167 SyncManager             com.example.curtiss                  D  Push Sync Response Header: Transfer-Encoding = [chunked]
2026-07-17 20:10:20.134 18109-18167 SyncManager             com.example.curtiss                  D  Push Sync Response Header: X-Android-Received-Millis = [1784299220133]
2026-07-17 20:10:20.134 18109-18167 SyncManager             com.example.curtiss                  D  Push Sync Response Header: X-Android-Response-Source = [NETWORK 200]
2026-07-17 20:10:20.134 18109-18167 SyncManager             com.example.curtiss                  D  Push Sync Response Header: X-Android-Selected-Protocol = [http/1.1]
2026-07-17 20:10:20.134 18109-18167 SyncManager             com.example.curtiss                  D  Push Sync Response Header: X-Android-Sent-Millis = [1784299220021]
2026-07-17 20:10:20.134 18109-18167 SyncManager             com.example.curtiss                  D  Push Sync Response Header: X-Powered-By = [PHP/8.3.32, PleskLin]
2026-07-17 20:10:20.134 18109-18167 SyncManager             com.example.curtiss                  D  Push Sync Raw Response (length=219): {"success":true,"mappings":{"customers":[{"local_id":34928,"server_id":363297}],"routes":[],"invoices":[{"local_id":10,"server_id":277565,"invoice_number":"202607170009","server_timestamp":"2026-07-17"}],"payments":[]}}
2026-07-17 20:10:20.136 18109-18167 SyncManager             com.example.curtiss                  D  Integrity verification successful for: customers
2026-07-17 20:10:20.136 18109-18167 SyncManager             com.example.curtiss                  D  Integrity verification successful for: routes
2026-07-17 20:10:20.136 18109-18167 SyncManager             com.example.curtiss                  D  Integrity verification successful for: invoices
2026-07-17 20:10:20.136 18109-18167 SyncManager             com.example.curtiss                  D  Integrity verification successful for: payments
2026-07-17 20:10:20.136 18109-18167 SyncManager             com.example.curtiss                  D  Push Sync Successful: Staged payments & invoices committed successfully!
2026-07-17 20:10:20.230 18109-18167 SyncManager             com.example.curtiss                  W  Attempt 2 failed to reconcile all data: Discrepancy: 1 bills failed to verify on the server.
2026-07-17 20:10:22.234 18109-18167 SyncManager             com.example.curtiss                  D  SyncManager: Found 1 unsynced local invoices.
2026-07-17 20:10:22.234 18109-18167 SyncManager             com.example.curtiss                  D  SyncManager: Staging invoice 202607170009 (local_id: 10, local_route_id: 7, server_route_id: 32, route_uuid: fddfe5e1-5238-45b1-93c3-e16af1911d92, server_customer_id: 362992)
2026-07-17 20:10:22.267 18109-18167 SyncManager             com.example.curtiss                  D  Starting Push Sync POST to: https://curtiss.suzxlabs.com/rep/RepDashboard/sync_push?api_sync=1
2026-07-17 20:10:22.267 18109-18167 SyncManager             com.example.curtiss                  D  Push Payload details: {"user_id":2,"customers":[],"routes":[],"invoices":[{"local_id":10,"invoice_number":"202607170009","uuid":"febf589a-3410-41d7-8224-c95074482232","customer_id":362992,"local_route_id":7,"server_route_id":32,"route_uuid":"fddfe5e1-5238-45b1-93c3-e16af1911d92","invoice_date":"2026-07-17 20:08:12","due_date":"2026-07-17 20:08:12","subtotal":4880,"discount":0,"discount_type":"Rs","global_discount_type":"Rs","tax":0,"grand_total":4880,"payment_method":"Cash","latitude":7.1824,"longitude":79.8801,"payment_term_id":1,"items":[]}],"payments":[]}
2026-07-17 20:10:22.267 18109-18167 SyncManager             com.example.curtiss                  D  Push Sync attempt 1 of 3 to URL: https://curtiss.suzxlabs.com/rep/RepDashboard/sync_push?api_sync=1
2026-07-17 20:10:22.331 18109-18167 SyncManager             com.example.curtiss                  D  Push Sync Response Code: 200
2026-07-17 20:10:22.331 18109-18167 SyncManager             com.example.curtiss                  D  Push Sync Response Header: null = [HTTP/1.1 200 OK]
2026-07-17 20:10:22.331 18109-18167 SyncManager             com.example.curtiss                  D  Push Sync Response Header: Access-Control-Allow-Headers = [Content-Type, Authorization, X-Requested-With, X-User-ID]
2026-07-17 20:10:22.331 18109-18167 SyncManager             com.example.curtiss                  D  Push Sync Response Header: Access-Control-Allow-Methods = [GET, POST, OPTIONS, PUT, DELETE]
2026-07-17 20:10:22.331 18109-18167 SyncManager             com.example.curtiss                  D  Push Sync Response Header: Access-Control-Allow-Origin = [*]
2026-07-17 20:10:22.331 18109-18167 SyncManager             com.example.curtiss                  D  Push Sync Response Header: Cache-Control = [no-store, no-cache, must-revalidate]
2026-07-17 20:10:22.331 18109-18167 SyncManager             com.example.curtiss                  D  Push Sync Response Header: Connection = [keep-alive]
2026-07-17 20:10:22.331 18109-18167 SyncManager             com.example.curtiss                  D  Push Sync Response Header: Content-Type = [application/json]
2026-07-17 20:10:22.331 18109-18167 SyncManager             com.example.curtiss                  D  Push Sync Response Header: Date = [Fri, 17 Jul 2026 14:40:13 GMT]
2026-07-17 20:10:22.331 18109-18167 SyncManager             com.example.curtiss                  D  Push Sync Response Header: Expires = [Thu, 19 Nov 1981 08:52:00 GMT]
2026-07-17 20:10:22.331 18109-18167 SyncManager             com.example.curtiss                  D  Push Sync Response Header: Pragma = [no-cache]
2026-07-17 20:10:22.331 18109-18167 SyncManager             com.example.curtiss                  D  Push Sync Response Header: Server = [nginx]
2026-07-17 20:10:22.331 18109-18167 SyncManager             com.example.curtiss                  D  Push Sync Response Header: Set-Cookie = [PHPSESSID=dh7rjuqlh3i4n9q649g6r5bv64; path=/; domain=.suzxlabs.com; secure; HttpOnly; SameSite=Lax]
2026-07-17 20:10:22.331 18109-18167 SyncManager             com.example.curtiss                  D  Push Sync Response Header: Transfer-Encoding = [chunked]
2026-07-17 20:10:22.331 18109-18167 SyncManager             com.example.curtiss                  D  Push Sync Response Header: X-Android-Received-Millis = [1784299222331]
2026-07-17 20:10:22.331 18109-18167 SyncManager             com.example.curtiss                  D  Push Sync Response Header: X-Android-Response-Source = [NETWORK 200]
2026-07-17 20:10:22.332 18109-18167 SyncManager             com.example.curtiss                  D  Push Sync Response Header: X-Android-Selected-Protocol = [http/1.1]
2026-07-17 20:10:22.332 18109-18167 SyncManager             com.example.curtiss                  D  Push Sync Response Header: X-Android-Sent-Millis = [1784299222268]
2026-07-17 20:10:22.332 18109-18167 SyncManager             com.example.curtiss                  D  Push Sync Response Header: X-Powered-By = [PHP/8.3.32, PleskLin]
2026-07-17 20:10:22.332 18109-18167 SyncManager             com.example.curtiss                  D  Push Sync Raw Response (length=182): {"success":true,"mappings":{"customers":[],"routes":[],"invoices":[{"local_id":10,"server_id":277565,"invoice_number":"202607170009","server_timestamp":"2026-07-17"}],"payments":[]}}
2026-07-17 20:10:22.333 18109-18167 SyncManager             com.example.curtiss                  D  Integrity verification successful for: customers
2026-07-17 20:10:22.333 18109-18167 SyncManager             com.example.curtiss                  D  Integrity verification successful for: routes
2026-07-17 20:10:22.333 18109-18167 SyncManager             com.example.curtiss                  D  Integrity verification successful for: invoices
2026-07-17 20:10:22.334 18109-18167 SyncManager             com.example.curtiss                  D  Integrity verification successful for: payments
2026-07-17 20:10:22.334 18109-18167 SyncManager             com.example.curtiss                  D  Push Sync Successful: Staged payments & invoices committed successfully!
2026-07-17 20:10:22.421 18109-18167 SyncManager             com.example.curtiss                  W  Attempt 3 failed to reconcile all data: Discrepancy: 1 bills failed to verify on the server.
2026-07-17 20:10:24.428 18109-18109 Toast                   com.example.curtiss                  I  show: caller = com.example.curtiss.SyncProgressActivity$4$3.run:233 
2026-07-17 20:10:24.429 18109-18109 Toast                   com.example.curtiss                  I  show: contextDispId = 0 mCustomDisplayId = -1 focusedDisplayId = 0 isActivityContext = true
2026-07-17 20:10:24.437 18109-18109 BLASTBufferQueue_Java   com.example.curtiss                  I  update, w= 1080 h= 2340 mName = VRI[SyncProgressActivity]@dce7371 mNativeObject= 0xb400007555b940d0 sc.mNativeObject= 0xb400007445a34310 format= -1 caller= android.view.ViewRootImpl.updateBlastSurfaceIfNeeded:3592 android.view.ViewRootImpl.relayoutWindow:11813 android.view.ViewRootImpl.performTraversals:4840 android.view.ViewRootImpl.doTraversal:3959 android.view.ViewRootImpl$TraversalRunnable.run:13034 android.view.Choreographer$CallbackRecord.run:1961 
2026-07-17 20:10:24.437 18109-18109 VRI[SyncPr...y]@dce7371 com.example.curtiss                  I  Relayout returned: old=(0,0,1080,2340) new=(0,0,1080,2340) relayoutAsync=true req=(1080,2340)0 dur=0 res=0x0 s={true 0xb4000074a5bb39f0} ch=false seqId=0
2026-07-17 20:10:24.438 18109-18109 VRI[SyncPr...y]@dce7371 com.example.curtiss                  I  registerCallbackForPendingTransactions
2026-07-17 20:10:24.446 18109-18142 VRI[SyncPr...y]@dce7371 com.example.curtiss                  I  mWNT: t=0xb400007535a57400 mBlastBufferQueue=0xb400007555b940d0 fn= 408 HdrRenderState mRenderHdrSdrRatio=1.0 caller= android.view.ViewRootImpl$10.onFrameDraw:6615 android.view.ViewRootImpl$4.onFrameDraw:2485 android.view.ThreadedRenderer$1.onFrameDraw:751 
